../Core/Src/main.c:105:6:Ultrasonic_distance	8	static
../Core/Src/main.c:116:6:HAL_TIM_IC_CaptureCallback	16	static
../Core/Src/main.c:177:6:HAL_CAN_RxFifo0MsgPendingCallback	16	static
../Core/Src/main.c:195:5:main	24	static
../Core/Src/main.c:311:6:SystemClock_Config	88	static
../Core/Src/main.c:357:13:MX_ADC1_Init	24	static
../Core/Src/main.c:409:13:MX_ADC2_Init	24	static
../Core/Src/main.c:461:13:MX_CAN1_Init	48	static
../Core/Src/main.c:513:13:MX_TIM4_Init	48	static
../Core/Src/main.c:571:13:MX_USART2_UART_Init	8	static
../Core/Src/main.c:604:13:MX_GPIO_Init	48	static
../Core/Src/main.c:638:6:Error_Handler	4	static,ignoring_inline_asm
